<html>
<body>
<pre>
<h1>µVision Build Log</h1>
<h2>Tool Versions:</h2>
IDE-Version: ¦ÌVision V5.14.0.0
Copyright (C) 2015 ARM Ltd and ARM Germany GmbH. All rights reserved.
License Information: ETHEREAL ACE, NO, LIC=MPPLD-8928Q-563Q2-98CUN-I8FH2-6VFLI
 
Tool Versions:
Toolchain:       MDK-ARM Standard  Version: 5.14.0.0
Toolchain Path:  C:\Keil_v5\ARM\ARMCC\Bin
C Compiler:      Armcc.exe V5.05 update 1 (build 106)
Assembler:       Armasm.exe V5.05 update 1 (build 106)
Linker/Locator:  ArmLink.exe V5.05 update 1 (build 106)
Library Manager: ArmAr.exe V5.05 update 1 (build 106)
Hex Converter:   FromElf.exe V5.05 update 1 (build 106)
CPU DLL:         SARMCM3.DLL V5.14.0.0
Dialog DLL:      DCM.DLL V1.13.1.0
Target DLL:      Segger\JL2CM3.dll V2.99.13.0
Dialog DLL:      TCM.DLL V1.14.4.0
 
<h2>Project:</h2>
D:\HIT\ANO_PioneerPro-CEXI\ANO_PioneerPro-CEXI\ANO_Pioneer.uvprojx
Project File Date:  07/21/2023

<h2>Output:</h2>
Build target 'Ano_Pioneer'
compiling stm32f4xx_it.c...
compiling Ano_USB.c...
compiling usb_config.c...
compiling main.c...
compiling Ano_Scheduler.c...
compiling BSP_Init.c...
compiling Ano_DT.c...
SRC\applications\Ano_DT.c(663): warning:  #177-D: function "WritePar" was declared but never referenced
  static void WritePar(u16 p_id, s32 p_val)
SRC\applications\Ano_DT.c: 1 warning, 0 errors
compiling Ano_RC.c...
compiling Ano_OF.c...
compiling Ano_FlyCtrl.c...
compiling Ano_UWB.c...
compiling Ano_ProgramCtrl_User.c...
compiling Ano_OPMV_Ctrl.c...
compiling Ano_OPMV_CBTracking_Ctrl.c...
compiling Ano_OPMV_LineTracking_Ctrl.c...
compiling Ano_OF_DecoFusion.c...
compiling Ano_FcData.c...
compiling Ano_Filter.c...
compiling Ano_Imu.c...
compiling Ano_Math.c...
compiling Ano_MotionCal.c...
compiling Ano_Navigate.c...
compiling Ano_Pid.c...
compiling Ano_Sensor_Basic.c...
SRC\fc_general\Ano_Sensor_Basic.c(51): warning:  #550-D: variable "hz" was set but never used
        float hz = 0 ;
SRC\fc_general\Ano_Sensor_Basic.c: 1 warning, 0 errors
compiling Ano_AltCtrl.c...
compiling Ano_AttCtrl.c...
compiling Ano_FlightCtrl.c...
compiling Ano_LocCtrl.c...
compiling Ano_MagProcess.c...
compiling Ano_MotorCtrl.c...
compiling Ano_Power.c...
compiling Ano_FlightDataCal.c...
compiling User_Task.c...
SRC\fc_specific\User_Task.c(17): warning:  #177-D: variable "one_key_mission_f" was declared but never referenced
      static u8 one_key_takeoff_f = 1, one_key_land_f = 1, one_key_mission_f = 0,one_key_xifu_f=1,one_key_tuoluo_f=1,xifu_flag=0,tuoluo_flag=0,err_flag;
SRC\fc_specific\User_Task.c(18): warning:  #177-D: variable "mission_step" was declared but never referenced
      static u8 mission_step;
SRC\fc_specific\User_Task.c(19): warning:  #550-D: variable "time_dly_cnt_ms_xifu" was set but never used
                static u16 time_dly_cnt_ms_xifu =0,time_dly_cnt_ms_tuoluo =0;
SRC\fc_specific\User_Task.c(19): warning:  #550-D: variable "time_dly_cnt_ms_tuoluo" was set but never used
                static u16 time_dly_cnt_ms_xifu =0,time_dly_cnt_ms_tuoluo =0;
SRC\fc_specific\User_Task.c(269): warning:  #177-D: variable "cexi_flag" was declared but never referenced
        static u8 one_key_cexi_f = 1,one_key_cexituoluo_f=1,cexi_flag=0,cexituoluo_flag=0,err_flag;
SRC\fc_specific\User_Task.c(269): warning:  #177-D: variable "cexituoluo_flag" was declared but never referenced
        static u8 one_key_cexi_f = 1,one_key_cexituoluo_f=1,cexi_flag=0,cexituoluo_flag=0,err_flag;
SRC\fc_specific\User_Task.c(269): warning:  #177-D: variable "err_flag" was declared but never referenced
        static u8 one_key_cexi_f = 1,one_key_cexituoluo_f=1,cexi_flag=0,cexituoluo_flag=0,err_flag;
SRC\fc_specific\User_Task.c: 7 warnings, 0 errors
compiling Drv_led.c...
compiling Drv_adc.c...
compiling Ano_Parameter.c...
compiling Drv_spi.c...
compiling Drv_pwm_out.c...
compiling Drv_time.c...
compiling Drv_usart.c...
SRC\drivers\Drv_usart.c(117): warning:  #177-D: variable "distance_new" was declared but never referenced
                        u16 distance_new;
SRC\drivers\Drv_usart.c(93): warning:  #550-D: variable "com_data" was set but never used
      u8 com_data;
SRC\drivers\Drv_usart.c(228): warning:  #550-D: variable "com_data" was set but never used
      u8 com_data;
SRC\drivers\Drv_usart.c(256): warning:  #177-D: function "Usart3_Send" was declared but never referenced
  static void Usart3_Send ( unsigned char *DataToSend , u8 data_num )
SRC\drivers\Drv_usart.c: 4 warnings, 0 errors
compiling Drv_ak8975.c...
compiling Drv_ak09915.c...
compiling Drv_icm20602.c...
compiling Drv_spl06.c...
SRC\drivers\Drv_spl06.c(482): warning:  #177-D: variable "vel_cnt" was declared but never referenced
        static u8 vel_cnt;
SRC\drivers\Drv_spl06.c: 1 warning, 0 errors
compiling Drv_w25qxx.c...
compiling usbd_STM32F4xx_FS.c...
compiling Drv_gps.c...
compiling Drv_heating.c...
compiling Drv_laser.c...
compiling Drv_OpenMV.c...
compiling Drv_UP_Flow.c...
compiling Drv_bmi088.c...
compiling Drv_BSP.c...
compiling Drv_RcIn.c...
compiling misc.c...
compiling stm32f4xx_adc.c...
compiling stm32f4xx_dbgmcu.c...
compiling stm32f4xx_dma.c...
compiling stm32f4xx_exti.c...
compiling stm32f4xx_flash.c...
compiling stm32f4xx_gpio.c...
compiling stm32f4xx_i2c.c...
compiling stm32f4xx_pwr.c...
compiling stm32f4xx_rcc.c...
compiling stm32f4xx_spi.c...
compiling stm32f4xx_syscfg.c...
compiling stm32f4xx_tim.c...
compiling stm32f4xx_usart.c...
compiling system_stm32f4xx.c...
assembling startup_stm32f4xx.s...
compiling usbd_core.c...
compiling usbd_core_hid.c...
compiling usbd_hid.c...
compiling Ano_Imu_Calibration.c...
compiling Ano_Imu_Data.c...
compiling Ano_Imu_Task.c...
linking...
Program Size: Code=105648 RO-data=2316 RW-data=1268 ZI-data=13948  
FromELF: creating hex file...
After Build - User command #1: fromelf.exe --bin -o ./AnoPioneerPro.bin ./build/Ano_Pioneer.axf
".\build\ANO_Pioneer.axf" - 0 Error(s), 14 Warning(s).

<h2>Collection of Component include folders:</h2>
  D:\HIT\ANO_PioneerPro-CEXI\ANO_PioneerPro-CEXI\RTE
  C:\Keil_v5\ARM\PACK\Keil\STM32F4xx_DFP\2.11.0

<h2>Collection of Component Files used:</h2>
</pre>
</body>
</html>
